// Vitest Snapshot v1, https://vitest.dev/guide/snapshot.html

exports[`fiat ranking is byte-identical (TECH-01) > matches the committed baseline snapshot for the full 11-card corpus 1`] = `
"{"scenario":"local-hkd-dining-500","id":"hsbc-everymile","rank":1,"isRecommended":true,"rewardAmount":350,"rewardUnit":"miles","effectiveRate":0.7,"netValue":350}
{"scenario":"local-hkd-dining-500","id":"sc-cathay-standard","rank":2,"isRecommended":false,"rewardAmount":208.34999999999997,"rewardUnit":"miles","effectiveRate":0.41669999999999996,"netValue":208.34999999999997}
{"scenario":"local-hkd-dining-500","id":"sc-cathay-priority-banking","rank":3,"isRecommended":false,"rewardAmount":208.34999999999997,"rewardUnit":"miles","effectiveRate":0.41669999999999996,"netValue":208.34999999999997}
{"scenario":"local-hkd-dining-500","id":"sc-cathay-priority-private","rank":4,"isRecommended":false,"rewardAmount":208.34999999999997,"rewardUnit":"miles","effectiveRate":0.41669999999999996,"netValue":208.34999999999997}
{"scenario":"local-hkd-dining-500","id":"dbs-black-world","rank":5,"isRecommended":false,"rewardAmount":83.35,"rewardUnit":"miles","effectiveRate":0.1667,"netValue":83.35}
{"scenario":"local-hkd-dining-500","id":"citi-cash-back","rank":6,"isRecommended":false,"rewardAmount":10,"rewardUnit":"cash","effectiveRate":0.02,"netValue":10}
{"scenario":"local-hkd-dining-500","id":"sc-simply-cash","rank":7,"isRecommended":false,"rewardAmount":7.5,"rewardUnit":"cash","effectiveRate":0.015,"netValue":7.5}
{"scenario":"local-hkd-dining-500","id":"sc-smart","rank":8,"isRecommended":false,"rewardAmount":6,"rewardUnit":"cash","effectiveRate":0.012,"netValue":6}
{"scenario":"local-hkd-dining-500","id":"hang-seng-enjoy","rank":9,"isRecommended":false,"rewardAmount":2.5,"rewardUnit":"points","effectiveRate":0.005,"netValue":2.5}
{"scenario":"local-hkd-dining-500","id":"hsbc-red","rank":10,"isRecommended":false,"rewardAmount":2,"rewardUnit":"points","effectiveRate":0.004,"netValue":2}
{"scenario":"local-hkd-dining-500","id":"sim-card","rank":11,"isRecommended":false,"rewardAmount":2,"rewardUnit":"cash","effectiveRate":0.004,"netValue":2}
{"scenario":"local-hkd-general-8000-tier1","id":"hsbc-everymile","rank":1,"isRecommended":true,"rewardAmount":1600,"rewardUnit":"miles","effectiveRate":0.2,"netValue":1600}
{"scenario":"local-hkd-general-8000-tier1","id":"dbs-black-world","rank":2,"isRecommended":false,"rewardAmount":1333.6,"rewardUnit":"miles","effectiveRate":0.1667,"netValue":1333.6}
{"scenario":"local-hkd-general-8000-tier1","id":"sc-cathay-standard","rank":3,"isRecommended":false,"rewardAmount":1333.6,"rewardUnit":"miles","effectiveRate":0.1667,"netValue":1333.6}
{"scenario":"local-hkd-general-8000-tier1","id":"sc-cathay-priority-banking","rank":4,"isRecommended":false,"rewardAmount":1333.6,"rewardUnit":"miles","effectiveRate":0.1667,"netValue":1333.6}
{"scenario":"local-hkd-general-8000-tier1","id":"sc-cathay-priority-private","rank":5,"isRecommended":false,"rewardAmount":1333.6,"rewardUnit":"miles","effectiveRate":0.1667,"netValue":1333.6}
{"scenario":"local-hkd-general-8000-tier1","id":"sim-card","rank":6,"isRecommended":false,"rewardAmount":240,"rewardUnit":"cash","effectiveRate":0.03,"netValue":240}
{"scenario":"local-hkd-general-8000-tier1","id":"sc-simply-cash","rank":7,"isRecommended":false,"rewardAmount":120,"rewardUnit":"cash","effectiveRate":0.015,"netValue":120}
{"scenario":"local-hkd-general-8000-tier1","id":"sc-smart","rank":8,"isRecommended":false,"rewardAmount":96,"rewardUnit":"cash","effectiveRate":0.012,"netValue":96}
{"scenario":"local-hkd-general-8000-tier1","id":"citi-cash-back","rank":9,"isRecommended":false,"rewardAmount":80,"rewardUnit":"cash","effectiveRate":0.01,"netValue":80}
{"scenario":"local-hkd-general-8000-tier1","id":"hang-seng-enjoy","rank":10,"isRecommended":false,"rewardAmount":40,"rewardUnit":"points","effectiveRate":0.005,"netValue":40}
{"scenario":"local-hkd-general-8000-tier1","id":"hsbc-red","rank":11,"isRecommended":false,"rewardAmount":32,"rewardUnit":"points","effectiveRate":0.004,"netValue":32}
{"scenario":"sc-smart-designated-mcdonalds-tier2-capped","id":"hsbc-everymile","rank":1,"isRecommended":true,"rewardAmount":4200,"rewardUnit":"miles","effectiveRate":0.7,"netValue":4200}
{"scenario":"sc-smart-designated-mcdonalds-tier2-capped","id":"sc-cathay-standard","rank":2,"isRecommended":false,"rewardAmount":2500.2,"rewardUnit":"miles","effectiveRate":0.41669999999999996,"netValue":2500.2}
{"scenario":"sc-smart-designated-mcdonalds-tier2-capped","id":"sc-cathay-priority-banking","rank":3,"isRecommended":false,"rewardAmount":2500.2,"rewardUnit":"miles","effectiveRate":0.41669999999999996,"netValue":2500.2}
{"scenario":"sc-smart-designated-mcdonalds-tier2-capped","id":"sc-cathay-priority-private","rank":4,"isRecommended":false,"rewardAmount":2500.2,"rewardUnit":"miles","effectiveRate":0.41669999999999996,"netValue":2500.2}
{"scenario":"sc-smart-designated-mcdonalds-tier2-capped","id":"dbs-black-world","rank":5,"isRecommended":false,"rewardAmount":1000.1999999999999,"rewardUnit":"miles","effectiveRate":0.1667,"netValue":1000.1999999999999}
{"scenario":"sc-smart-designated-mcdonalds-tier2-capped","id":"citi-cash-back","rank":6,"isRecommended":false,"rewardAmount":120,"rewardUnit":"cash","effectiveRate":0.02,"netValue":120}
{"scenario":"sc-smart-designated-mcdonalds-tier2-capped","id":"sc-simply-cash","rank":7,"isRecommended":false,"rewardAmount":90,"rewardUnit":"cash","effectiveRate":0.015,"netValue":90}
{"scenario":"sc-smart-designated-mcdonalds-tier2-capped","id":"sc-smart","rank":8,"isRecommended":false,"rewardAmount":33.6,"rewardUnit":"cash","effectiveRate":0.0056,"netValue":33.6}
{"scenario":"sc-smart-designated-mcdonalds-tier2-capped","id":"hang-seng-enjoy","rank":9,"isRecommended":false,"rewardAmount":30,"rewardUnit":"points","effectiveRate":0.005,"netValue":30}
{"scenario":"sc-smart-designated-mcdonalds-tier2-capped","id":"hsbc-red","rank":10,"isRecommended":false,"rewardAmount":24,"rewardUnit":"points","effectiveRate":0.004,"netValue":24}
{"scenario":"sc-smart-designated-mcdonalds-tier2-capped","id":"sim-card","rank":11,"isRecommended":false,"rewardAmount":24,"rewardUnit":"cash","effectiveRate":0.004,"netValue":24}
{"scenario":"foreign-usd-2000","id":"dbs-black-world","rank":1,"isRecommended":true,"rewardAmount":1500,"rewardUnit":"miles","effectiveRate":0.75,"netValue":1500}
{"scenario":"foreign-usd-2000","id":"hsbc-everymile","rank":2,"isRecommended":false,"rewardAmount":1400,"rewardUnit":"miles","effectiveRate":0.7,"netValue":1400}
{"scenario":"foreign-usd-2000","id":"sc-cathay-priority-private","rank":3,"isRecommended":false,"rewardAmount":1000,"rewardUnit":"miles","effectiveRate":0.5,"netValue":1000}
{"scenario":"foreign-usd-2000","id":"sc-cathay-priority-banking","rank":4,"isRecommended":false,"rewardAmount":666.6,"rewardUnit":"miles","effectiveRate":0.3333,"netValue":666.6}
{"scenario":"foreign-usd-2000","id":"sc-cathay-standard","rank":5,"isRecommended":false,"rewardAmount":500,"rewardUnit":"miles","effectiveRate":0.25,"netValue":500}
{"scenario":"foreign-usd-2000","id":"sim-card","rank":6,"isRecommended":false,"rewardAmount":60,"rewardUnit":"cash","effectiveRate":0.03,"netValue":60}
{"scenario":"foreign-usd-2000","id":"citi-cash-back","rank":7,"isRecommended":false,"rewardAmount":40,"rewardUnit":"cash","effectiveRate":0.02,"netValue":40}
{"scenario":"foreign-usd-2000","id":"sc-simply-cash","rank":8,"isRecommended":false,"rewardAmount":40,"rewardUnit":"cash","effectiveRate":0.02,"netValue":40}
{"scenario":"foreign-usd-2000","id":"sc-smart","rank":9,"isRecommended":false,"rewardAmount":24,"rewardUnit":"cash","effectiveRate":0.012,"netValue":24}
{"scenario":"foreign-usd-2000","id":"hang-seng-enjoy","rank":10,"isRecommended":false,"rewardAmount":10,"rewardUnit":"points","effectiveRate":0.005,"netValue":10}
{"scenario":"foreign-usd-2000","id":"hsbc-red","rank":11,"isRecommended":false,"rewardAmount":8,"rewardUnit":"points","effectiveRate":0.004,"netValue":8}
{"scenario":"local-hkd-travel-hotel-3000","id":"sc-cathay-standard","rank":1,"isRecommended":true,"rewardAmount":1250.1,"rewardUnit":"miles","effectiveRate":0.41669999999999996,"netValue":1250.1}
{"scenario":"local-hkd-travel-hotel-3000","id":"sc-cathay-priority-banking","rank":2,"isRecommended":false,"rewardAmount":1250.1,"rewardUnit":"miles","effectiveRate":0.41669999999999996,"netValue":1250.1}
{"scenario":"local-hkd-travel-hotel-3000","id":"sc-cathay-priority-private","rank":3,"isRecommended":false,"rewardAmount":1250.1,"rewardUnit":"miles","effectiveRate":0.41669999999999996,"netValue":1250.1}
{"scenario":"local-hkd-travel-hotel-3000","id":"hsbc-everymile","rank":4,"isRecommended":false,"rewardAmount":600,"rewardUnit":"miles","effectiveRate":0.2,"netValue":600}
{"scenario":"local-hkd-travel-hotel-3000","id":"dbs-black-world","rank":5,"isRecommended":false,"rewardAmount":500.09999999999997,"rewardUnit":"miles","effectiveRate":0.1667,"netValue":500.09999999999997}
{"scenario":"local-hkd-travel-hotel-3000","id":"citi-cash-back","rank":6,"isRecommended":false,"rewardAmount":60,"rewardUnit":"cash","effectiveRate":0.02,"netValue":60}
{"scenario":"local-hkd-travel-hotel-3000","id":"sc-simply-cash","rank":7,"isRecommended":false,"rewardAmount":45,"rewardUnit":"cash","effectiveRate":0.015,"netValue":45}
{"scenario":"local-hkd-travel-hotel-3000","id":"sc-smart","rank":8,"isRecommended":false,"rewardAmount":36,"rewardUnit":"cash","effectiveRate":0.012,"netValue":36}
{"scenario":"local-hkd-travel-hotel-3000","id":"hang-seng-enjoy","rank":9,"isRecommended":false,"rewardAmount":15,"rewardUnit":"points","effectiveRate":0.005,"netValue":15}
{"scenario":"local-hkd-travel-hotel-3000","id":"hsbc-red","rank":10,"isRecommended":false,"rewardAmount":12,"rewardUnit":"points","effectiveRate":0.004,"netValue":12}
{"scenario":"local-hkd-travel-hotel-3000","id":"sim-card","rank":11,"isRecommended":false,"rewardAmount":12,"rewardUnit":"cash","effectiveRate":0.004,"netValue":12}"
`;
